// Jest Snapshot v1, https://goo.gl/fbAQLP

exports[`Article renders without crashing 1`] = `
ShallowWrapper {
  Symbol(enzyme.__root__): [Circular],
  Symbol(enzyme.__unrendered__): <Article
    description="On Wednesday, Fox News shared one of the dumbest takes of our time about Jamie Lee Curtis, star of the Halloween re-boot. The conservative news outlet tweeted, \\"Jamie Lee Curtis wields firearms in new 'Halloween' movie despite advocating for gun control.\\" It'…"
    sourceName="Mashable"
    title="Fox News reveals it has no idea how movies work in a very misguided tweet about Jamie Lee Curtis"
    url="https://mashable.com/article/fox-news-jamie-lee-curtis-gun-control-tweet-halloween/"
    urlToImage="https://i.amz.mshcdn.com/CrqgZdv3yZ8ITPg9VA0qNEHVFfA=/1200x630/2018%2F10%2F10%2F6e%2F0d481eaee8564432b78be96cb96f1954.4fe76.jpg"
  />,
  Symbol(enzyme.__renderer__): Object {
    "batchedUpdates": [Function],
    "getNode": [Function],
    "render": [Function],
    "simulateError": [Function],
    "simulateEvent": [Function],
    "unmount": [Function],
  },
  Symbol(enzyme.__node__): Object {
    "instance": null,
    "key": undefined,
    "nodeType": "host",
    "props": Object {
      "children": <Styled(Card)
        className="h-100"
        inverse={true}
      >
        <ProgressiveImage
          placeholder="./images/blur_img.jpg"
          src="https://i.amz.mshcdn.com/CrqgZdv3yZ8ITPg9VA0qNEHVFfA=/1200x630/2018%2F10%2F10%2F6e%2F0d481eaee8564432b78be96cb96f1954.4fe76.jpg"
        >
          [Function]
        </ProgressiveImage>
        <Styled(CardImgOverlay)>
          <CardTitle
            tag="h5"
          >
            Fox News reveals it has no idea how movies work in a very misguided tweet about Jamie Lee Curtis
          </CardTitle>
          <CardText
            className="articleDescription"
            tag="p"
          >
            On Wednesday, Fox News shared one of the dumbest takes of our time about Jamie Lee Curtis, star of the Halloween re-boot. The conservative news outlet tweeted, "Jamie Lee Curtis wields firearms in new 'Halloween' movie despite advocating for gun control." It'…
          </CardText>
          <CardText
            tag="p"
          >
            <small
              className="text-muted"
            >
              Mashable
            </small>
          </CardText>
        </Styled(CardImgOverlay)>
      </Styled(Card)>,
      "className": "d-block h-100",
      "href": "https://mashable.com/article/fox-news-jamie-lee-curtis-gun-control-tweet-halloween/",
      "rel": "noopener noreferrer",
      "target": "_blank",
    },
    "ref": null,
    "rendered": Object {
      "instance": null,
      "key": undefined,
      "nodeType": "class",
      "props": Object {
        "children": Array [
          <ProgressiveImage
            placeholder="./images/blur_img.jpg"
            src="https://i.amz.mshcdn.com/CrqgZdv3yZ8ITPg9VA0qNEHVFfA=/1200x630/2018%2F10%2F10%2F6e%2F0d481eaee8564432b78be96cb96f1954.4fe76.jpg"
          >
            [Function]
          </ProgressiveImage>,
          <Styled(CardImgOverlay)>
            <CardTitle
              tag="h5"
            >
              Fox News reveals it has no idea how movies work in a very misguided tweet about Jamie Lee Curtis
            </CardTitle>
            <CardText
              className="articleDescription"
              tag="p"
            >
              On Wednesday, Fox News shared one of the dumbest takes of our time about Jamie Lee Curtis, star of the Halloween re-boot. The conservative news outlet tweeted, "Jamie Lee Curtis wields firearms in new 'Halloween' movie despite advocating for gun control." It'…
            </CardText>
            <CardText
              tag="p"
            >
              <small
                className="text-muted"
              >
                Mashable
              </small>
            </CardText>
          </Styled(CardImgOverlay)>,
        ],
        "className": "h-100",
        "inverse": true,
      },
      "ref": null,
      "rendered": Array [
        Object {
          "instance": null,
          "key": undefined,
          "nodeType": "class",
          "props": Object {
            "children": [Function],
            "placeholder": "./images/blur_img.jpg",
            "src": "https://i.amz.mshcdn.com/CrqgZdv3yZ8ITPg9VA0qNEHVFfA=/1200x630/2018%2F10%2F10%2F6e%2F0d481eaee8564432b78be96cb96f1954.4fe76.jpg",
          },
          "ref": null,
          "rendered": [Function],
          "type": [Function],
        },
        Object {
          "instance": null,
          "key": undefined,
          "nodeType": "class",
          "props": Object {
            "children": Array [
              <CardTitle
                tag="h5"
              >
                Fox News reveals it has no idea how movies work in a very misguided tweet about Jamie Lee Curtis
              </CardTitle>,
              <CardText
                className="articleDescription"
                tag="p"
              >
                On Wednesday, Fox News shared one of the dumbest takes of our time about Jamie Lee Curtis, star of the Halloween re-boot. The conservative news outlet tweeted, "Jamie Lee Curtis wields firearms in new 'Halloween' movie despite advocating for gun control." It'…
              </CardText>,
              <CardText
                tag="p"
              >
                <small
                  className="text-muted"
                >
                  Mashable
                </small>
              </CardText>,
            ],
          },
          "ref": null,
          "rendered": Array [
            Object {
              "instance": null,
              "key": undefined,
              "nodeType": "function",
              "props": Object {
                "children": "Fox News reveals it has no idea how movies work in a very misguided tweet about Jamie Lee Curtis",
                "tag": "h5",
              },
              "ref": null,
              "rendered": "Fox News reveals it has no idea how movies work in a very misguided tweet about Jamie Lee Curtis",
              "type": [Function],
            },
            Object {
              "instance": null,
              "key": undefined,
              "nodeType": "function",
              "props": Object {
                "children": "On Wednesday, Fox News shared one of the dumbest takes of our time about Jamie Lee Curtis, star of the Halloween re-boot. The conservative news outlet tweeted, \\"Jamie Lee Curtis wields firearms in new 'Halloween' movie despite advocating for gun control.\\" It'…",
                "className": "articleDescription",
                "tag": "p",
              },
              "ref": null,
              "rendered": "On Wednesday, Fox News shared one of the dumbest takes of our time about Jamie Lee Curtis, star of the Halloween re-boot. The conservative news outlet tweeted, \\"Jamie Lee Curtis wields firearms in new 'Halloween' movie despite advocating for gun control.\\" It'…",
              "type": [Function],
            },
            Object {
              "instance": null,
              "key": undefined,
              "nodeType": "function",
              "props": Object {
                "children": <small
                  className="text-muted"
                >
                  Mashable
                </small>,
                "tag": "p",
              },
              "ref": null,
              "rendered": Object {
                "instance": null,
                "key": undefined,
                "nodeType": "host",
                "props": Object {
                  "children": "Mashable",
                  "className": "text-muted",
                },
                "ref": null,
                "rendered": "Mashable",
                "type": "small",
              },
              "type": [Function],
            },
          ],
          "type": [Function],
        },
      ],
      "type": [Function],
    },
    "type": "a",
  },
  Symbol(enzyme.__nodes__): Array [
    Object {
      "instance": null,
      "key": undefined,
      "nodeType": "host",
      "props": Object {
        "children": <Styled(Card)
          className="h-100"
          inverse={true}
        >
          <ProgressiveImage
            placeholder="./images/blur_img.jpg"
            src="https://i.amz.mshcdn.com/CrqgZdv3yZ8ITPg9VA0qNEHVFfA=/1200x630/2018%2F10%2F10%2F6e%2F0d481eaee8564432b78be96cb96f1954.4fe76.jpg"
          >
            [Function]
          </ProgressiveImage>
          <Styled(CardImgOverlay)>
            <CardTitle
              tag="h5"
            >
              Fox News reveals it has no idea how movies work in a very misguided tweet about Jamie Lee Curtis
            </CardTitle>
            <CardText
              className="articleDescription"
              tag="p"
            >
              On Wednesday, Fox News shared one of the dumbest takes of our time about Jamie Lee Curtis, star of the Halloween re-boot. The conservative news outlet tweeted, "Jamie Lee Curtis wields firearms in new 'Halloween' movie despite advocating for gun control." It'…
            </CardText>
            <CardText
              tag="p"
            >
              <small
                className="text-muted"
              >
                Mashable
              </small>
            </CardText>
          </Styled(CardImgOverlay)>
        </Styled(Card)>,
        "className": "d-block h-100",
        "href": "https://mashable.com/article/fox-news-jamie-lee-curtis-gun-control-tweet-halloween/",
        "rel": "noopener noreferrer",
        "target": "_blank",
      },
      "ref": null,
      "rendered": Object {
        "instance": null,
        "key": undefined,
        "nodeType": "class",
        "props": Object {
          "children": Array [
            <ProgressiveImage
              placeholder="./images/blur_img.jpg"
              src="https://i.amz.mshcdn.com/CrqgZdv3yZ8ITPg9VA0qNEHVFfA=/1200x630/2018%2F10%2F10%2F6e%2F0d481eaee8564432b78be96cb96f1954.4fe76.jpg"
            >
              [Function]
            </ProgressiveImage>,
            <Styled(CardImgOverlay)>
              <CardTitle
                tag="h5"
              >
                Fox News reveals it has no idea how movies work in a very misguided tweet about Jamie Lee Curtis
              </CardTitle>
              <CardText
                className="articleDescription"
                tag="p"
              >
                On Wednesday, Fox News shared one of the dumbest takes of our time about Jamie Lee Curtis, star of the Halloween re-boot. The conservative news outlet tweeted, "Jamie Lee Curtis wields firearms in new 'Halloween' movie despite advocating for gun control." It'…
              </CardText>
              <CardText
                tag="p"
              >
                <small
                  className="text-muted"
                >
                  Mashable
                </small>
              </CardText>
            </Styled(CardImgOverlay)>,
          ],
          "className": "h-100",
          "inverse": true,
        },
        "ref": null,
        "rendered": Array [
          Object {
            "instance": null,
            "key": undefined,
            "nodeType": "class",
            "props": Object {
              "children": [Function],
              "placeholder": "./images/blur_img.jpg",
              "src": "https://i.amz.mshcdn.com/CrqgZdv3yZ8ITPg9VA0qNEHVFfA=/1200x630/2018%2F10%2F10%2F6e%2F0d481eaee8564432b78be96cb96f1954.4fe76.jpg",
            },
            "ref": null,
            "rendered": [Function],
            "type": [Function],
          },
          Object {
            "instance": null,
            "key": undefined,
            "nodeType": "class",
            "props": Object {
              "children": Array [
                <CardTitle
                  tag="h5"
                >
                  Fox News reveals it has no idea how movies work in a very misguided tweet about Jamie Lee Curtis
                </CardTitle>,
                <CardText
                  className="articleDescription"
                  tag="p"
                >
                  On Wednesday, Fox News shared one of the dumbest takes of our time about Jamie Lee Curtis, star of the Halloween re-boot. The conservative news outlet tweeted, "Jamie Lee Curtis wields firearms in new 'Halloween' movie despite advocating for gun control." It'…
                </CardText>,
                <CardText
                  tag="p"
                >
                  <small
                    className="text-muted"
                  >
                    Mashable
                  </small>
                </CardText>,
              ],
            },
            "ref": null,
            "rendered": Array [
              Object {
                "instance": null,
                "key": undefined,
                "nodeType": "function",
                "props": Object {
                  "children": "Fox News reveals it has no idea how movies work in a very misguided tweet about Jamie Lee Curtis",
                  "tag": "h5",
                },
                "ref": null,
                "rendered": "Fox News reveals it has no idea how movies work in a very misguided tweet about Jamie Lee Curtis",
                "type": [Function],
              },
              Object {
                "instance": null,
                "key": undefined,
                "nodeType": "function",
                "props": Object {
                  "children": "On Wednesday, Fox News shared one of the dumbest takes of our time about Jamie Lee Curtis, star of the Halloween re-boot. The conservative news outlet tweeted, \\"Jamie Lee Curtis wields firearms in new 'Halloween' movie despite advocating for gun control.\\" It'…",
                  "className": "articleDescription",
                  "tag": "p",
                },
                "ref": null,
                "rendered": "On Wednesday, Fox News shared one of the dumbest takes of our time about Jamie Lee Curtis, star of the Halloween re-boot. The conservative news outlet tweeted, \\"Jamie Lee Curtis wields firearms in new 'Halloween' movie despite advocating for gun control.\\" It'…",
                "type": [Function],
              },
              Object {
                "instance": null,
                "key": undefined,
                "nodeType": "function",
                "props": Object {
                  "children": <small
                    className="text-muted"
                  >
                    Mashable
                  </small>,
                  "tag": "p",
                },
                "ref": null,
                "rendered": Object {
                  "instance": null,
                  "key": undefined,
                  "nodeType": "host",
                  "props": Object {
                    "children": "Mashable",
                    "className": "text-muted",
                  },
                  "ref": null,
                  "rendered": "Mashable",
                  "type": "small",
                },
                "type": [Function],
              },
            ],
            "type": [Function],
          },
        ],
        "type": [Function],
      },
      "type": "a",
    },
  ],
  Symbol(enzyme.__options__): Object {
    "adapter": ReactSixteenAdapter {
      "options": Object {
        "enableComponentDidUpdateOnSetState": true,
        "lifecycles": Object {
          "componentDidUpdate": Object {
            "onSetState": true,
          },
          "getDerivedStateFromProps": true,
          "getSnapshotBeforeUpdate": true,
          "setState": Object {
            "skipsComponentDidUpdateOnNullish": true,
          },
        },
      },
    },
    "disableLifecycleMethods": true,
  },
}
`;
